stm32f0xx_hal_msp.c:86:6:HAL_MspInit	8	static
stm32f0xx_hal_msp.c:108:6:HAL_ADC_MspInit	40	static
stm32f0xx_hal_msp.c:149:6:HAL_ADC_MspDeInit	8	static
stm32f0xx_hal_msp.c:183:6:HAL_CAN_MspInit	40	static
stm32f0xx_hal_msp.c:224:6:HAL_CAN_MspDeInit	8	static
stm32f0xx_hal_msp.c:256:6:HAL_TIM_PWM_MspInit	8	static
stm32f0xx_hal_msp.c:279:6:HAL_TIM_Base_MspInit	16	static
stm32f0xx_hal_msp.c:299:6:HAL_TIM_MspPostInit	48	static
stm32f0xx_hal_msp.c:344:6:HAL_TIM_PWM_MspDeInit	0	static
stm32f0xx_hal_msp.c:368:6:HAL_TIM_Base_MspDeInit	8	static
